start OGLE t=2125.58418 zeta=(10.5001, -32.4818)
done 0.0001 s A=1
start OGLE t=2129.66354 zeta=(10.4688, -32.3848)
done 0.0000 s A=1
start OGLE t=2132.60611 zeta=(10.4461, -32.3149)
done 0.0000 s A=1
start OGLE t=2135.74434 zeta=(10.422, -32.2403)
done 0.0000 s A=1
start OGLE t=2140.71735 zeta=(10.3838, -32.122)
done 0.0000 s A=1
start OGLE t=2144.59326 zeta=(10.354, -32.0299)
done 0.0000 s A=1
start OGLE t=2160.57506 zeta=(10.2311, -31.6499)
done 0.0000 s A=1
start OGLE t=2175.61655 zeta=(10.1154, -31.2923)
done 0.0000 s A=1
start OGLE t=2187.55197 zeta=(10.0236, -31.0086)
done 0.0000 s A=1
start OGLE t=2331.88774 zeta=(8.91376, -27.577)
done 0.0000 s A=1
start OGLE t=2355.86209 zeta=(8.72941, -27.007)
done 0.0000 s A=1
start OGLE t=2365.78122 zeta=(8.65313, -26.7712)
done 0.0000 s A=1
start OGLE t=2372.82032 zeta=(8.59901, -26.6039)
done 0.0000 s A=1
start OGLE t=2383.77914 zeta=(8.51474, -26.3433)
done 0.0000 s A=1
start OGLE t=2386.86994 zeta=(8.49097, -26.2698)
done 0.0000 s A=1
start OGLE t=2391.83684 zeta=(8.45278, -26.1517)
done 0.0000 s A=1
start OGLE t=2397.72747 zeta=(8.40748, -26.0117)
done 0.0000 s A=1
start OGLE t=2401.80733 zeta=(8.37611, -25.9147)
done 0.0000 s A=1
start OGLE t=2403.88494 zeta=(8.36014, -25.8653)
done 0.0000 s A=1
start OGLE t=2405.86753 zeta=(8.34489, -25.8182)
done 0.0000 s A=1
start OGLE t=2414.76144 zeta=(8.2765, -25.6067)
done 0.0000 s A=1
start OGLE t=2416.79385 zeta=(8.26087, -25.5584)
done 0.0000 s A=1
start OGLE t=2424.88919 zeta=(8.19862, -25.3659)
done 0.0000 s A=1
start OGLE t=2428.78871 zeta=(8.16864, -25.2732)
done 0.0000 s A=1
start OGLE t=2432.83317 zeta=(8.13754, -25.1771)
done 0.0000 s A=1
start OGLE t=2434.69904 zeta=(8.12319, -25.1327)
done 0.0000 s A=1
start OGLE t=2438.72496 zeta=(8.09223, -25.037)
done 0.0000 s A=1
start OGLE t=2440.76106 zeta=(8.07658, -24.9886)
done 0.0000 s A=1
start OGLE t=2443.72661 zeta=(8.05377, -24.9181)
done 0.0000 s A=1
start OGLE t=2445.60766 zeta=(8.03931, -24.8734)
done 0.0000 s A=1
start OGLE t=2448.60747 zeta=(8.01624, -24.802)
done 0.0000 s A=1
start OGLE t=2453.85315 zeta=(7.9759, -24.6773)
done 0.0000 s A=1
start OGLE t=2458.69701 zeta=(7.93866, -24.5622)
done 0.0000 s A=1
start OGLE t=2460.77170 zeta=(7.9227, -24.5128)
done 0.0000 s A=1
start OGLE t=2463.51859 zeta=(7.90158, -24.4475)
done 0.0000 s A=1
start OGLE t=2466.73119 zeta=(7.87688, -24.3711)
done 0.0000 s A=1
start OGLE t=2468.60360 zeta=(7.86248, -24.3266)
done 0.0000 s A=1
start OGLE t=2470.60696 zeta=(7.84707, -24.279)
done 0.0000 s A=1
start OGLE t=2472.63985 zeta=(7.83144, -24.2307)
done 0.0000 s A=1
start OGLE t=2481.49955 zeta=(7.76332, -24.02)
done 0.0000 s A=1
start OGLE t=2484.59880 zeta=(7.73948, -23.9464)
done 0.0000 s A=1
start OGLE t=2486.69157 zeta=(7.72339, -23.8966)
done 0.0000 s A=1
start OGLE t=2490.65811 zeta=(7.69289, -23.8023)
done 0.0000 s A=1.00001
start OGLE t=2493.62027 zeta=(7.67011, -23.7319)
done 0.0000 s A=1.00001
start OGLE t=2495.69164 zeta=(7.65419, -23.6826)
done 0.0000 s A=1.00001
start OGLE t=2496.49447 zeta=(7.64801, -23.6635)
done 0.0000 s A=1.00001
start OGLE t=2497.49835 zeta=(7.64029, -23.6397)
done 0.0000 s A=1.00001
start OGLE t=2497.77563 zeta=(7.63816, -23.6331)
done 0.0000 s A=1.00001
start OGLE t=2498.48506 zeta=(7.63271, -23.6162)
done 0.0000 s A=1.00001
start OGLE t=2498.57834 zeta=(7.63199, -23.614)
done 0.0000 s A=1.00001
start OGLE t=2500.51687 zeta=(7.61708, -23.5679)
done 0.0000 s A=1.00001
start OGLE t=2502.54258 zeta=(7.6015, -23.5197)
done 0.0000 s A=1.00001
start OGLE t=2508.64193 zeta=(7.5546, -23.3747)
done 0.0000 s A=1.00001
start OGLE t=2512.58930 zeta=(7.52425, -23.2809)
done 0.0000 s A=1.00001
start OGLE t=2517.63125 zeta=(7.48548, -23.161)
done 0.0000 s A=1.00001
start OGLE t=2520.55802 zeta=(7.46297, -23.0914)
done 0.0000 s A=1.00001
start OGLE t=2526.64705 zeta=(7.41615, -22.9467)
done 0.0000 s A=1.00001
start OGLE t=2542.49405 zeta=(7.2943, -22.5699)
done 0.0000 s A=1.00001
start OGLE t=2547.56146 zeta=(7.25533, -22.4494)
done 0.0000 s A=1.00001
start OGLE t=2556.55237 zeta=(7.18619, -22.2357)
done 0.0000 s A=1.00001
start OGLE t=2564.50959 zeta=(7.12501, -22.0465)
done 0.0000 s A=1.00001
start OGLE t=2575.50812 zeta=(7.04043, -21.785)
done 0.0000 s A=1.00001
start OGLE t=2706.89830 zeta=(6.03011, -18.6612)
done 0.0000 s A=1.00001
start OGLE t=2728.90953 zeta=(5.86085, -18.1379)
done 0.0000 s A=1.00001
start OGLE t=2733.89071 zeta=(5.82255, -18.0195)
done 0.0000 s A=1.00002
start OGLE t=2744.87751 zeta=(5.73806, -17.7583)
done 0.0000 s A=1.00002
start OGLE t=2753.86321 zeta=(5.66897, -17.5447)
done 0.0000 s A=1.00002
start OGLE t=2756.93361 zeta=(5.64536, -17.4717)
done 0.0000 s A=1.00002
start OGLE t=2760.87658 zeta=(5.61504, -17.3779)
done 0.0000 s A=1.00002
start OGLE t=2766.92975 zeta=(5.56849, -17.234)
done 0.0000 s A=1.00002
start OGLE t=2770.80051 zeta=(5.53873, -17.142)
done 0.0000 s A=1.00002
start OGLE t=2783.74515 zeta=(5.43919, -16.8342)
done 0.0000 s A=1.00002
start OGLE t=2785.85713 zeta=(5.42295, -16.784)
done 0.0000 s A=1.00002
start OGLE t=2786.91051 zeta=(5.41485, -16.759)
done 0.0000 s A=1.00002
start OGLE t=2789.72079 zeta=(5.39324, -16.6922)
done 0.0000 s A=1.00002
start OGLE t=2791.70192 zeta=(5.37801, -16.6451)
done 0.0000 s A=1.00002
start OGLE t=2794.92104 zeta=(5.35325, -16.5685)
done 0.0000 s A=1.00002
start OGLE t=2796.78777 zeta=(5.3389, -16.5242)
done 0.0000 s A=1.00002
start OGLE t=2809.69397 zeta=(5.23966, -16.2173)
done 0.0000 s A=1.00002
start OGLE t=2810.86082 zeta=(5.23068, -16.1896)
done 0.0000 s A=1.00002
start OGLE t=2811.89397 zeta=(5.22274, -16.165)
done 0.0000 s A=1.00002
start OGLE t=2813.68935 zeta=(5.20893, -16.1223)
done 0.0000 s A=1.00002
start OGLE t=2816.57471 zeta=(5.18675, -16.0537)
done 0.0000 s A=1.00002
start OGLE t=2818.56218 zeta=(5.17146, -16.0065)
done 0.0000 s A=1.00002
start OGLE t=2820.72730 zeta=(5.15481, -15.955)
done 0.0000 s A=1.00002
start OGLE t=2826.72779 zeta=(5.10867, -15.8123)
done 0.0000 s A=1.00003
start OGLE t=2836.70876 zeta=(5.03192, -15.575)
done 0.0000 s A=1.00003
start OGLE t=2837.60602 zeta=(5.02503, -15.5537)
done 0.0000 s A=1.00003
start OGLE t=2839.65429 zeta=(5.00927, -15.505)
done 0.0000 s A=1.00003
start OGLE t=2841.67886 zeta=(4.99371, -15.4569)
done 0.0000 s A=1.00003
start OGLE t=2843.60260 zeta=(4.97891, -15.4111)
done 0.0000 s A=1.00003
start OGLE t=2845.63191 zeta=(4.96331, -15.3629)
done 0.0000 s A=1.00003
start OGLE t=2850.48950 zeta=(4.92596, -15.2474)
done 0.0000 s A=1.00003
start OGLE t=2852.50937 zeta=(4.91043, -15.1994)
done 0.0000 s A=1.00003
start OGLE t=2854.50937 zeta=(4.89505, -15.1518)
done 0.0000 s A=1.00003
start OGLE t=2856.69214 zeta=(4.87826, -15.0999)
done 0.0000 s A=1.00003
start OGLE t=2858.65747 zeta=(4.86315, -15.0532)
done 0.0000 s A=1.00003
start OGLE t=2862.58407 zeta=(4.83296, -14.9599)
done 0.0000 s A=1.00003
start OGLE t=2865.69337 zeta=(4.80905, -14.8859)
done 0.0000 s A=1.00003
start OGLE t=2868.57319 zeta=(4.7869, -14.8175)
done 0.0000 s A=1.00003
start OGLE t=2871.68035 zeta=(4.76301, -14.7436)
done 0.0000 s A=1.00003
start OGLE t=2876.56399 zeta=(4.72546, -14.6275)
done 0.0000 s A=1.00004
start OGLE t=2879.60816 zeta=(4.70205, -14.5551)
done 0.0000 s A=1.00004
start OGLE t=2885.50581 zeta=(4.6567, -14.4149)
done 0.0000 s A=1.00004
start OGLE t=2894.61086 zeta=(4.58668, -14.1984)
done 0.0000 s A=1.00004
start OGLE t=2898.59576 zeta=(4.55604, -14.1037)
done 0.0000 s A=1.00004
start OGLE t=2904.56852 zeta=(4.51012, -13.9617)
done 0.0000 s A=1.00004
start OGLE t=2909.56306 zeta=(4.47171, -13.843)
done 0.0000 s A=1.00004
start OGLE t=2917.60296 zeta=(4.40989, -13.6518)
done 0.0000 s A=1.00005
start OGLE t=2930.54556 zeta=(4.31036, -13.3441)
done 0.0000 s A=1.00005
start OGLE t=3058.87354 zeta=(3.32358, -10.2931)
done 0.0000 s A=1.00014
start OGLE t=3063.89715 zeta=(3.28495, -10.1737)
done 0.0000 s A=1.00015
start OGLE t=3067.87199 zeta=(3.25439, -10.0792)
done 0.0000 s A=1.00015
start OGLE t=3070.83197 zeta=(3.23163, -10.0088)
done 0.0000 s A=1.00016
start OGLE t=3073.78728 zeta=(3.2089, -9.93857)
done 0.0000 s A=1.00016
start OGLE t=3075.80763 zeta=(3.19337, -9.89054)
done 0.0000 s A=1.00016
start OGLE t=3079.86411 zeta=(3.16217, -9.7941)
done 0.0000 s A=1.00017
start OGLE t=3082.82697 zeta=(3.13939, -9.72365)
done 0.0000 s A=1.00018
start OGLE t=3084.88254 zeta=(3.12359, -9.67478)
done 0.0000 s A=1.00018
start OGLE t=3086.81659 zeta=(3.10871, -9.6288)
done 0.0000 s A=1.00018
start OGLE t=3088.77428 zeta=(3.09366, -9.58226)
done 0.0000 s A=1.00019
start OGLE t=3089.88356 zeta=(3.08513, -9.55589)
done 0.0000 s A=1.00019
start OGLE t=3091.80075 zeta=(3.07039, -9.51031)
done 0.0000 s A=1.00019
start OGLE t=3096.83822 zeta=(3.03165, -9.39054)
done 0.0000 s A=1.0002
start OGLE t=3098.89400 zeta=(3.01584, -9.34167)
done 0.0000 s A=1.00021
start OGLE t=3100.83997 zeta=(3.00088, -9.2954)
done 0.0000 s A=1.00021
start OGLE t=3102.79975 zeta=(2.98581, -9.24881)
done 0.0000 s A=1.00021
start OGLE t=3103.87017 zeta=(2.97758, -9.22336)
done 0.0000 s A=1.00022
start OGLE t=3106.80712 zeta=(2.955, -9.15353)
done 0.0000 s A=1.00022
start OGLE t=3108.74461 zeta=(2.9401, -9.10747)
done 0.0000 s A=1.00023
start OGLE t=3110.81077 zeta=(2.92421, -9.05835)
done 0.0000 s A=1.00023
start OGLE t=3111.84476 zeta=(2.91626, -9.03376)
done 0.0000 s A=1.00024
start OGLE t=3112.81803 zeta=(2.90877, -9.01063)
done 0.0000 s A=1.00024
start OGLE t=3113.85191 zeta=(2.90082, -8.98605)
done 0.0000 s A=1.00024
start OGLE t=3114.76204 zeta=(2.89383, -8.96441)
done 0.0000 s A=1.00024
start OGLE t=3118.90607 zeta=(2.86196, -8.86588)
done 0.0000 s A=1.00025
start OGLE t=3122.88961 zeta=(2.83133, -8.77118)
done 0.0000 s A=1.00026
start OGLE t=3125.84613 zeta=(2.80859, -8.70089)
done 0.0000 s A=1.00027
start OGLE t=3126.87546 zeta=(2.80068, -8.67641)
done 0.0000 s A=1.00028
start OGLE t=3127.78106 zeta=(2.79372, -8.65488)
done 0.0000 s A=1.00028
start OGLE t=3128.79941 zeta=(2.78589, -8.63067)
done 0.0000 s A=1.00028
start OGLE t=3135.84230 zeta=(2.73173, -8.46323)
done 0.0000 s A=1.0003
start OGLE t=3137.91785 zeta=(2.71577, -8.41388)
done 0.0000 s A=1.00031
start OGLE t=3138.80214 zeta=(2.70897, -8.39286)
done 0.0000 s A=1.00031
start OGLE t=3139.84635 zeta=(2.70094, -8.36804)
done 0.0000 s A=1.00032
start OGLE t=3140.85372 zeta=(2.69319, -8.34409)
done 0.0000 s A=1.00032
start OGLE t=3144.76652 zeta=(2.66311, -8.25106)
done 0.0000 s A=1.00034
start OGLE t=3146.74889 zeta=(2.64786, -8.20393)
done 0.0000 s A=1.00034
start OGLE t=3151.72878 zeta=(2.60957, -8.08553)
done 0.0000 s A=1.00036
start OGLE t=3152.73260 zeta=(2.60185, -8.06167)
done 0.0000 s A=1.00037
start OGLE t=3153.73654 zeta=(2.59413, -8.0378)
done 0.0000 s A=1.00037
start OGLE t=3153.90141 zeta=(2.59286, -8.03388)
done 0.0000 s A=1.00037
start OGLE t=3154.79752 zeta=(2.58597, -8.01258)
done 0.0000 s A=1.00038
start OGLE t=3156.79652 zeta=(2.5706, -7.96505)
done 0.0000 s A=1.00038
start OGLE t=3158.85515 zeta=(2.55477, -7.91611)
done 0.0000 s A=1.00039
start OGLE t=3162.79159 zeta=(2.5245, -7.82252)
done 0.0000 s A=1.00041
start OGLE t=3163.75286 zeta=(2.51711, -7.79967)
done 0.0000 s A=1.00042
start OGLE t=3164.71124 zeta=(2.50974, -7.77688)
done 0.0000 s A=1.00042
start OGLE t=3165.78245 zeta=(2.5015, -7.75141)
done 0.0000 s A=1.00043
start OGLE t=3166.87403 zeta=(2.49311, -7.72546)
done 0.0000 s A=1.00043
start OGLE t=3168.57012 zeta=(2.48007, -7.68514)
done 0.0000 s A=1.00044
start OGLE t=3168.90839 zeta=(2.47747, -7.67709)
done 0.0000 s A=1.00044
start OGLE t=3169.70501 zeta=(2.47134, -7.65815)
done 0.0000 s A=1.00045
start OGLE t=3170.78268 zeta=(2.46305, -7.63253)
done 0.0000 s A=1.00045
start OGLE t=3171.87786 zeta=(2.45463, -7.6065)
done 0.0000 s A=1.00046
start OGLE t=3172.72581 zeta=(2.44811, -7.58634)
done 0.0000 s A=1.00046
start OGLE t=3175.69807 zeta=(2.42526, -7.51567)
done 0.0000 s A=1.00048
start OGLE t=3178.75925 zeta=(2.40172, -7.44289)
done 0.0000 s A=1.0005
start OGLE t=3179.77224 zeta=(2.39393, -7.41881)
done 0.0000 s A=1.00051
start OGLE t=3180.68498 zeta=(2.38691, -7.39711)
done 0.0000 s A=1.00051
start OGLE t=3182.75214 zeta=(2.37101, -7.34796)
done 0.0000 s A=1.00053
start OGLE t=3183.71069 zeta=(2.36364, -7.32517)
done 0.0000 s A=1.00053
start OGLE t=3184.67815 zeta=(2.3562, -7.30217)
done 0.0000 s A=1.00054
start OGLE t=3185.84277 zeta=(2.34725, -7.27448)
done 0.0000 s A=1.00055
start OGLE t=3194.62138 zeta=(2.27975, -7.06578)
done 0.0000 s A=1.00061
start OGLE t=3195.67786 zeta=(2.27162, -7.04066)
done 0.0000 s A=1.00062
start OGLE t=3196.48476 zeta=(2.26542, -7.02147)
done 0.0000 s A=1.00063
start OGLE t=3196.58671 zeta=(2.26463, -7.01905)
done 0.0000 s A=1.00063
start OGLE t=3196.72159 zeta=(2.2636, -7.01584)
done 0.0000 s A=1.00063
start OGLE t=3197.49005 zeta=(2.25769, -6.99757)
done 0.0000 s A=1.00064
start OGLE t=3197.62155 zeta=(2.25668, -6.99445)
done 0.0000 s A=1.00064
start OGLE t=3197.74360 zeta=(2.25574, -6.99155)
done 0.0000 s A=1.00064
start OGLE t=3197.80803 zeta=(2.25524, -6.99001)
done 0.0000 s A=1.00064
start OGLE t=3198.73138 zeta=(2.24814, -6.96806)
done 0.0000 s A=1.00065
start OGLE t=3199.58232 zeta=(2.2416, -6.94783)
done 0.0000 s A=1.00065
start OGLE t=3199.76630 zeta=(2.24018, -6.94346)
done 0.0000 s A=1.00065
start OGLE t=3201.52668 zeta=(2.22665, -6.9016)
done 0.0000 s A=1.00067
start OGLE t=3202.51713 zeta=(2.21903, -6.87806)
done 0.0000 s A=1.00068
start OGLE t=3203.63870 zeta=(2.21041, -6.85139)
done 0.0000 s A=1.00069
start OGLE t=3203.70059 zeta=(2.20993, -6.84992)
done 0.0000 s A=1.00069
start OGLE t=3204.59903 zeta=(2.20302, -6.82856)
done 0.0000 s A=1.0007
start OGLE t=3205.74076 zeta=(2.19424, -6.80142)
done 0.0000 s A=1.00071
start OGLE t=3206.64835 zeta=(2.18726, -6.77984)
done 0.0000 s A=1.00072
start OGLE t=3210.63650 zeta=(2.1566, -6.68502)
done 0.0000 s A=1.00076
start OGLE t=3211.71103 zeta=(2.14833, -6.65947)
done 0.0000 s A=1.00077
start OGLE t=3217.63087 zeta=(2.10281, -6.51873)
done 0.0000 s A=1.00084
start OGLE t=3218.63035 zeta=(2.09513, -6.49497)
done 0.0000 s A=1.00085
start OGLE t=3219.73480 zeta=(2.08664, -6.46871)
done 0.0000 s A=1.00086
start OGLE t=3223.62769 zeta=(2.0567, -6.37616)
done 0.0000 s A=1.00091
start OGLE t=3224.67743 zeta=(2.04863, -6.3512)
done 0.0000 s A=1.00092
start OGLE t=3226.59064 zeta=(2.03392, -6.30572)
done 0.0000 s A=1.00095
start OGLE t=3228.57879 zeta=(2.01863, -6.25845)
done 0.0000 s A=1.00098
start OGLE t=3229.60685 zeta=(2.01072, -6.23401)
done 0.0000 s A=1.00099
start OGLE t=3230.64555 zeta=(2.00274, -6.20931)
done 0.0000 s A=1.00101
start OGLE t=3231.54653 zeta=(1.99581, -6.18789)
done 0.0000 s A=1.00102
start OGLE t=3232.57517 zeta=(1.9879, -6.16344)
done 0.0000 s A=1.00104
start OGLE t=3239.55587 zeta=(1.93422, -5.99747)
done 0.0000 s A=1.00115
start OGLE t=3240.63258 zeta=(1.92594, -5.97187)
done 0.0000 s A=1.00117
start OGLE t=3241.63160 zeta=(1.91826, -5.94812)
done 0.0000 s A=1.00119
start OGLE t=3246.63810 zeta=(1.87976, -5.82909)
done 0.0000 s A=1.00128
start OGLE t=3247.65357 zeta=(1.87195, -5.80495)
done 0.0000 s A=1.0013
start OGLE t=3249.50518 zeta=(1.85772, -5.76093)
done 0.0000 s A=1.00134
start OGLE t=3250.63271 zeta=(1.84904, -5.73412)
done 0.0000 s A=1.00136
start OGLE t=3253.62600 zeta=(1.82603, -5.66296)
done 0.0000 s A=1.00143
start OGLE t=3256.60890 zeta=(1.80309, -5.59204)
done 0.0000 s A=1.0015
start OGLE t=3267.50818 zeta=(1.71928, -5.33291)
done 0.0000 s A=1.00179
start OGLE t=3272.56707 zeta=(1.68038, -5.21264)
done 0.0000 s A=1.00195
start OGLE t=3274.60755 zeta=(1.66469, -5.16413)
done 0.0000 s A=1.00202
start OGLE t=3278.57931 zeta=(1.63415, -5.0697)
done 0.0000 s A=1.00217
start OGLE t=3281.56005 zeta=(1.61123, -4.99883)
done 0.0000 s A=1.00229
start OGLE t=3288.52155 zeta=(1.5577, -4.83333)
done 0.0000 s A=1.00259
start OGLE t=3293.49643 zeta=(1.51944, -4.71505)
done 0.0000 s A=1.00284
start OGLE t=3295.50088 zeta=(1.50403, -4.6674)
done 0.0000 s A=1.00295
start OGLE t=3299.50573 zeta=(1.47323, -4.57218)
done 0.0000 s A=1.00319
start OGLE t=3312.51933 zeta=(1.37317, -4.26279)
done 0.0000 s A=1.00413
start OGLE t=3416.89234 zeta=(0.570587, -1.78135)
done 0.0000 s A=1.07328
start OGLE t=3421.87692 zeta=(0.532258, -1.66284)
done 0.0000 s A=1.0888
start OGLE t=3425.89995 zeta=(0.501323, -1.5672)
done 0.0000 s A=1.10428
start OGLE t=3432.86599 zeta=(0.447757, -1.40158)
done 0.0000 s A=1.13953
start OGLE t=3442.86674 zeta=(0.370856, -1.16382)
done 0.0000 s A=1.21905
start OGLE t=3445.78290 zeta=(0.348432, -1.09448)
done 0.0000 s A=1.25199
start OGLE t=3447.83277 zeta=(0.33267, -1.04575)
done 0.0000 s A=1.27881
start OGLE t=3449.84555 zeta=(0.317192, -0.997896)
done 0.0000 s A=1.30864
start OGLE t=3452.86619 zeta=(0.293965, -0.926082)
done 0.0000 s A=1.3612
start OGLE t=3454.91971 zeta=(0.278174, -0.87726)
done 0.0000 s A=1.40339
start OGLE t=3459.82645 zeta=(0.240444, -0.760603)
done 0.0000 s A=1.53245
start OGLE t=3468.85520 zeta=(0.171017, -0.545948)
done 0.0000 s A=1.95053
start OGLE t=3469.86218 zeta=(0.163274, -0.522007)
done 0.0000 s A=2.02184
start OGLE t=3471.89558 zeta=(0.147638, -0.473663)
done 0.0000 s A=2.19027
start OGLE t=3473.85766 zeta=(0.132551, -0.427016)
done 0.0000 s A=2.39247
start OGLE t=3474.88106 zeta=(0.124681, -0.402685)
done 0.0000 s A=2.51801
start OGLE t=3476.75378 zeta=(0.110281, -0.358161)
done 0.0000 s A=2.79493
start OGLE t=3478.76949 zeta=(0.0947809, -0.310238)
done 0.0000 s A=3.18698
start OGLE t=3479.90683 zeta=(0.0860353, -0.283198)
done 0.0000 s A=3.46937
start OGLE t=3481.79748 zeta=(0.0714971, -0.238249)
done 0.0000 s A=4.08574
start OGLE t=3484.75328 zeta=(0.0487684, -0.167975)
done 0.0000 s A=5.72865
start OGLE t=3491.82024 zeta=(-0.00557321, 3.94096e-05)
done 381.6165 s A=92930.4
start OGLE t=3491.90238 zeta=(-0.00620483, 0.00199226)
done 0.0001 s A=478.133
start OGLE t=3492.69772 zeta=(-0.0123206, 0.0209012)
done 0.0001 s A=45.5229
start OGLE t=3492.80006 zeta=(-0.0131076, 0.0233343)
done 0.0000 s A=40.7775
start OGLE t=3492.92734 zeta=(-0.0140863, 0.0263604)
done 0.0000 s A=36.0983
start OGLE t=3496.68211 zeta=(-0.0429587, 0.115629)
done 0.0000 s A=8.27197
start OGLE t=3496.73800 zeta=(-0.0433885, 0.116958)
done 0.0000 s A=8.17903
start OGLE t=3497.76914 zeta=(-0.0513174, 0.141473)
done 0.0000 s A=6.7793
start OGLE t=3498.89013 zeta=(-0.0599373, 0.168124)
done 0.0000 s A=5.72386
start OGLE t=3499.72666 zeta=(-0.0663698, 0.188012)
done 0.0000 s A=5.13312
start OGLE t=3500.71041 zeta=(-0.0739344, 0.211401)
done 0.0000 s A=4.58247
start OGLE t=3501.75649 zeta=(-0.0819783, 0.236271)
done 0.0000 s A=4.11847
start OGLE t=3502.74599 zeta=(-0.0895871, 0.259796)
done 0.0000 s A=3.763
start OGLE t=3503.67280 zeta=(-0.0967138, 0.281831)
done 0.0000 s A=3.48521
start OGLE t=3506.86347 zeta=(-0.121249, 0.357688)
done 0.0000 s A=2.7983
start OGLE t=3508.72987 zeta=(-0.1356, 0.402061)
done 0.0000 s A=2.52147
start OGLE t=3509.76039 zeta=(-0.143524, 0.426561)
done 0.0000 s A=2.3947
start OGLE t=3510.90702 zeta=(-0.152342, 0.453822)
done 0.0000 s A=2.27082
start OGLE t=3511.81333 zeta=(-0.159311, 0.475369)
done 0.0000 s A=2.18371
start OGLE t=3512.84683 zeta=(-0.167258, 0.49994)
done 0.0000 s A=2.09432
start OGLE t=3517.83573 zeta=(-0.20562, 0.61855)
done 0.0000 s A=1.77164
start OGLE t=3520.79294 zeta=(-0.22836, 0.688857)
done 0.0000 s A=1.63881
start OGLE t=3522.72232 zeta=(-0.243196, 0.734727)
done 0.0000 s A=1.56797
start OGLE t=3523.78000 zeta=(-0.251329, 0.759873)
done 0.0000 s A=1.53342
start OGLE t=3524.68213 zeta=(-0.258266, 0.781321)
done 0.0000 s A=1.50606
start OGLE t=3525.67623 zeta=(-0.26591, 0.804956)
done 0.0000 s A=1.47795
start OGLE t=3526.72895 zeta=(-0.274005, 0.829984)
done 0.0000 s A=1.45031
start OGLE t=3527.76286 zeta=(-0.281955, 0.854565)
done 0.0000 s A=1.42511
start OGLE t=3528.70375 zeta=(-0.28919, 0.876934)
done 0.0000 s A=1.4037
start OGLE t=3529.66167 zeta=(-0.296556, 0.899708)
done 0.0000 s A=1.38327
start OGLE t=3530.66974 zeta=(-0.304308, 0.923675)
done 0.0000 s A=1.36315
start OGLE t=3538.64800 zeta=(-0.365657, 1.11336)
done 0.0000 s A=1.24246
start OGLE t=3540.63524 zeta=(-0.380938, 1.1606)
done 0.0000 s A=1.22046
start OGLE t=3544.83494 zeta=(-0.413231, 1.26045)
done 0.0000 s A=1.18143
start OGLE t=3547.76650 zeta=(-0.435774, 1.33015)
done 0.0000 s A=1.15908
start OGLE t=3550.61336 zeta=(-0.457665, 1.39783)
done 0.0000 s A=1.14049
start OGLE t=3551.61572 zeta=(-0.465372, 1.42166)
done 0.0000 s A=1.13457
start OGLE t=3552.64789 zeta=(-0.473309, 1.4462)
done 0.0000 s A=1.12879
start OGLE t=3553.77212 zeta=(-0.481954, 1.47293)
done 0.0000 s A=1.12283
start OGLE t=3554.72546 zeta=(-0.489285, 1.49559)
done 0.0000 s A=1.11803
start OGLE t=3555.78970 zeta=(-0.497468, 1.52089)
done 0.0000 s A=1.11294
start OGLE t=3556.70183 zeta=(-0.504482, 1.54258)
done 0.0000 s A=1.10878
start OGLE t=3558.51264 zeta=(-0.518406, 1.58563)
done 0.0000 s A=1.10107
start OGLE t=3558.81130 zeta=(-0.520703, 1.59273)
done 0.0000 s A=1.09986
start OGLE t=3559.59419 zeta=(-0.526723, 1.61134)
done 0.0000 s A=1.09677
start OGLE t=3560.58266 zeta=(-0.534324, 1.63485)
done 0.0000 s A=1.09303
start OGLE t=3561.52669 zeta=(-0.541583, 1.65729)
done 0.0000 s A=1.08963
start OGLE t=3562.56735 zeta=(-0.549585, 1.68203)
done 0.0000 s A=1.08604
start OGLE t=3562.81868 zeta=(-0.551518, 1.68801)
done 0.0000 s A=1.0852
start OGLE t=3563.62157 zeta=(-0.557692, 1.70709)
done 0.0000 s A=1.08258
start OGLE t=3564.60327 zeta=(-0.56524, 1.73043)
done 0.0000 s A=1.07951
start OGLE t=3569.54013 zeta=(-0.603202, 1.84781)
done 0.0000 s A=1.066
start OGLE t=3573.63052 zeta=(-0.634656, 1.94505)
done 0.0000 s A=1.05685
start OGLE t=3574.67147 zeta=(-0.64266, 1.9698)
done 0.0000 s A=1.05477
start OGLE t=3575.51906 zeta=(-0.649178, 1.98995)
done 0.0000 s A=1.05314
start OGLE t=3576.67300 zeta=(-0.658051, 2.01739)
done 0.0000 s A=1.05102
start OGLE t=3577.74072 zeta=(-0.666261, 2.04277)
done 0.0000 s A=1.04915
start OGLE t=3578.64588 zeta=(-0.673221, 2.06429)
done 0.0000 s A=1.04762
start OGLE t=3579.60320 zeta=(-0.680583, 2.08705)
done 0.0000 s A=1.04607
start OGLE t=3579.77088 zeta=(-0.681872, 2.09104)
done 0.0000 s A=1.04581
start OGLE t=3580.63299 zeta=(-0.688501, 2.11154)
done 0.0000 s A=1.04447
start OGLE t=3581.65643 zeta=(-0.696371, 2.13587)
done 0.0000 s A=1.04295
start OGLE t=3582.60456 zeta=(-0.703662, 2.15841)
done 0.0000 s A=1.04159
start OGLE t=3583.61853 zeta=(-0.711459, 2.18252)
done 0.0000 s A=1.0402
start OGLE t=3584.62727 zeta=(-0.719215, 2.2065)
done 0.0000 s A=1.03886
start OGLE t=3585.61759 zeta=(-0.726831, 2.23004)
done 0.0000 s A=1.03761
start OGLE t=3586.66332 zeta=(-0.734872, 2.25491)
done 0.0000 s A=1.03634
start OGLE t=3589.65599 zeta=(-0.757884, 2.32606)
done 0.0000 s A=1.03297
start OGLE t=3590.62489 zeta=(-0.765334, 2.34909)
done 0.0000 s A=1.03196
start OGLE t=3592.64140 zeta=(-0.78084, 2.39703)
done 0.0000 s A=1.02998
start OGLE t=3594.68980 zeta=(-0.796592, 2.44573)
done 0.0000 s A=1.02811
start OGLE t=3601.63198 zeta=(-0.849974, 2.61078)
done 0.0000 s A=1.02276
start OGLE t=3602.64804 zeta=(-0.857787, 2.63494)
done 0.0000 s A=1.02208
start OGLE t=3603.62208 zeta=(-0.865277, 2.65809)
done 0.0000 s A=1.02146
start OGLE t=3607.62043 zeta=(-0.896022, 2.75315)
done 0.0000 s A=1.0191
start OGLE t=3608.63529 zeta=(-0.903826, 2.77728)
done 0.0000 s A=1.01856
start OGLE t=3615.56303 zeta=(-0.957097, 2.94199)
done 0.0000 s A=1.01529
start OGLE t=3618.54722 zeta=(-0.980044, 3.01294)
done 0.0000 s A=1.01411
start OGLE t=3619.57180 zeta=(-0.987922, 3.03729)
done 0.0000 s A=1.01372
start OGLE t=3621.57147 zeta=(-1.0033, 3.08484)
done 0.0000 s A=1.01301
start OGLE t=3628.54532 zeta=(-1.05692, 3.25064)
done 0.0000 s A=1.01086
start OGLE t=3629.63000 zeta=(-1.06527, 3.27643)
done 0.0000 s A=1.01057
start OGLE t=3631.51491 zeta=(-1.07976, 3.32124)
done 0.0000 s A=1.01008
start OGLE t=3633.52797 zeta=(-1.09524, 3.3691)
done 0.0000 s A=1.00959
start OGLE t=3637.62418 zeta=(-1.12674, 3.46648)
done 0.0000 s A=1.00868
start OGLE t=3639.57770 zeta=(-1.14176, 3.51293)
done 0.0000 s A=1.00828
start OGLE t=3641.52983 zeta=(-1.15677, 3.55934)
done 0.0000 s A=1.0079
start OGLE t=3644.49020 zeta=(-1.17953, 3.62972)
done 0.0000 s A=1.00737
start OGLE t=3648.52205 zeta=(-1.21054, 3.72558)
done 0.0000 s A=1.00672
start OGLE t=3650.55948 zeta=(-1.2262, 3.77402)
done 0.0000 s A=1.00641
start OGLE t=3655.50995 zeta=(-1.26427, 3.89171)
done 0.0000 s A=1.00574
start OGLE t=3657.51745 zeta=(-1.27971, 3.93944)
done 0.0000 s A=1.0055
start OGLE t=3660.51161 zeta=(-1.30273, 4.01063)
done 0.0000 s A=1.00515
start OGLE t=3662.51683 zeta=(-1.31815, 4.0583)
done 0.0000 s A=1.00494
start OGLE t=3666.54436 zeta=(-1.34912, 4.15405)
done 0.0000 s A=1.00453
start MDM t=3491.88099 zeta=(-0.00604035, 0.00148372)
done 0.0001 s A=642.408
start MDM t=3491.88155 zeta=(-0.00604466, 0.00149704)
done 0.0001 s A=636.678
start MDM t=3491.88251 zeta=(-0.00605204, 0.00151986)
done 0.0001 s A=627.096
start MDM t=3491.88350 zeta=(-0.00605965, 0.0015434)
done 0.0001 s A=617.509
start MDM t=3491.88449 zeta=(-0.00606726, 0.00156693)
done 0.0001 s A=608.207
start MDM t=3491.88548 zeta=(-0.00607488, 0.00159047)
done 0.0001 s A=599.19
start MDM t=3491.88647 zeta=(-0.00608249, 0.00161401)
done 0.0001 s A=590.43
start MDM t=3491.88749 zeta=(-0.00609033, 0.00163826)
done 0.0001 s A=581.67
start MDM t=3491.88857 zeta=(-0.00609864, 0.00166394)
done 0.0001 s A=572.675
start MDM t=3491.88951 zeta=(-0.00610586, 0.00168628)
done 0.0001 s A=565.074
start MDM t=3491.89054 zeta=(-0.00611378, 0.00171077)
done 0.0001 s A=556.966
start MDM t=3491.89151 zeta=(-0.00612124, 0.00173383)
done 0.0001 s A=549.544
start MDM t=3491.89247 zeta=(-0.00612863, 0.00175666)
done 0.0001 s A=542.389
start MDM t=3491.89350 zeta=(-0.00613655, 0.00178114)
done 0.0001 s A=534.917
start MDM t=3491.89453 zeta=(-0.00614447, 0.00180563)
done 0.0001 s A=527.647
start MDM t=3491.89550 zeta=(-0.00615192, 0.00182869)
done 0.0001 s A=520.982
start MDM t=3491.89646 zeta=(-0.00615931, 0.00185152)
done 0.0001 s A=514.546
start MDM t=3491.89749 zeta=(-0.00616723, 0.00187601)
done 0.0001 s A=507.817
start MDM t=3491.89852 zeta=(-0.00617515, 0.00190049)
done 0.0001 s A=501.262
start MDM t=3491.89948 zeta=(-0.00618253, 0.00192332)
done 0.0001 s A=495.303
start MDM t=3491.90045 zeta=(-0.00618999, 0.00194638)
done 0.0001 s A=489.425
start MDM t=3491.90148 zeta=(-0.00619791, 0.00197087)
done 0.0001 s A=483.334
start MDM t=3491.90251 zeta=(-0.00620583, 0.00199535)
done 0.0001 s A=477.393
start MDM t=3491.90353 zeta=(-0.00621367, 0.0020196)
done 0.0001 s A=471.65
start MDM t=3491.90450 zeta=(-0.00622113, 0.00204267)
done 0.0001 s A=466.318
start MDM t=3491.90546 zeta=(-0.00622851, 0.00206549)
done 0.0001 s A=461.156
start MDM t=3491.90649 zeta=(-0.00623643, 0.00208998)
done 0.0001 s A=455.742
start MDM t=3491.90752 zeta=(-0.00624435, 0.00211447)
done 0.0001 s A=450.457
start MDM t=3491.90849 zeta=(-0.00625181, 0.00213753)
done 0.0001 s A=445.587
start MDM t=3491.90945 zeta=(-0.00625919, 0.00216035)
done 0.0001 s A=440.875
start MDM t=3491.91048 zeta=(-0.00626711, 0.00218484)
done 0.0001 s A=435.926
start MDM t=3491.91151 zeta=(-0.00627503, 0.00220933)
done 0.0001 s A=431.088
start MDM t=3491.91254 zeta=(-0.00628295, 0.00223381)
done 0.0001 s A=426.354
start MDM t=3491.91350 zeta=(-0.00629034, 0.00225664)
done 0.0001 s A=422.037
start MDM t=3491.91447 zeta=(-0.0062978, 0.0022797)
done 0.0001 s A=417.761
start MDM t=3491.91549 zeta=(-0.00630564, 0.00230395)
done 0.0001 s A=413.356
start MDM t=3491.91652 zeta=(-0.00631356, 0.00232844)
done 0.0001 s A=409.004
start MDM t=3491.91749 zeta=(-0.00632102, 0.0023515)
done 0.0001 s A=404.987
start MDM t=3491.91845 zeta=(-0.0063284, 0.00237432)
done 0.0001 s A=401.088
start MDM t=3491.91948 zeta=(-0.00633632, 0.00239881)
done 0.0001 s A=396.988
start MDM t=3491.92051 zeta=(-0.00634424, 0.0024233)
done 0.0001 s A=392.972
start MDM t=3491.92154 zeta=(-0.00635216, 0.00244779)
done 0.0001 s A=389.035
start MDM t=3491.92251 zeta=(-0.00635962, 0.00247085)
done 0.0001 s A=385.4
start MDM t=3491.92346 zeta=(-0.00636692, 0.00249343)
done 0.0001 s A=381.904
start MDM t=3491.92450 zeta=(-0.00637492, 0.00251816)
done 0.0001 s A=378.15
start MDM t=3491.92553 zeta=(-0.00638284, 0.00254265)
done 0.0001 s A=374.503
start MDM t=3491.92649 zeta=(-0.00639022, 0.00256547)
done 0.0001 s A=371.168
start MDM t=3491.92746 zeta=(-0.00639768, 0.00258853)
done 0.0001 s A=367.856
start MDM t=3491.92849 zeta=(-0.0064056, 0.00261302)
done 0.0001 s A=364.404
start MDM t=3491.92951 zeta=(-0.00641345, 0.00263727)
done 0.0001 s A=361.051
start MDM t=3491.93054 zeta=(-0.00642137, 0.00266176)
done 0.0001 s A=357.725
start MDM t=3491.93151 zeta=(-0.00642882, 0.00268482)
done 0.0001 s A=354.648
start MDM t=3491.93247 zeta=(-0.00643621, 0.00270764)
done 0.0001 s A=351.656
start MDM t=3491.93350 zeta=(-0.00644413, 0.00273213)
done 0.0001 s A=348.5
start MDM t=3491.93453 zeta=(-0.00645205, 0.00275662)
done 0.0001 s A=345.401
start MDM t=3491.93549 zeta=(-0.00645943, 0.00277944)
done 0.0001 s A=342.562
start MDM t=3491.93646 zeta=(-0.00646689, 0.00280251)
done 0.0001 s A=339.739
start MDM t=3491.93749 zeta=(-0.00647481, 0.00282699)
done 0.0001 s A=336.793
start MDM t=3491.93852 zeta=(-0.00648273, 0.00285148)
done 0.0001 s A=333.898
start MDM t=3491.93954 zeta=(-0.00649057, 0.00287573)
done 0.0001 s A=331.078
start MDM t=3491.94051 zeta=(-0.00649803, 0.00289879)
done 0.0001 s A=328.441
start MDM t=3491.94147 zeta=(-0.00650541, 0.00292162)
done 0.0001 s A=325.876
start MDM t=3491.94251 zeta=(-0.00651341, 0.00294634)
done 0.0001 s A=323.135
start MDM t=3491.94353 zeta=(-0.00652125, 0.00297059)
done 0.0001 s A=320.496
start MDM t=3491.94450 zeta=(-0.00652871, 0.00299365)
done 0.0001 s A=318.025
start MDM t=3491.94546 zeta=(-0.00653609, 0.00301648)
done 0.0001 s A=315.616
start MDM t=3491.94649 zeta=(-0.00654401, 0.00304097)
done 0.0001 s A=313.071
start MDM t=3491.94752 zeta=(-0.00655193, 0.00306545)
done 0.0001 s A=310.568
start MDM t=3491.94849 zeta=(-0.00655939, 0.00308852)
done 0.0001 s A=308.248
start MDM t=3491.94945 zeta=(-0.00656677, 0.00311134)
done 0.0001 s A=305.985
start MDM t=3491.95048 zeta=(-0.00657469, 0.00313583)
done 0.0001 s A=303.592
start MDM t=3491.95151 zeta=(-0.00658262, 0.00316031)
done 0.0001 s A=301.236
start MDM t=3491.95254 zeta=(-0.00659054, 0.0031848)
done 0.0001 s A=298.919
start MDM t=3491.95351 zeta=(-0.00659799, 0.00320786)
done 0.0001 s A=296.768
start MDM t=3491.95447 zeta=(-0.00660538, 0.00323069)
done 0.0001 s A=294.67
start MDM t=3491.95550 zeta=(-0.0066133, 0.00325518)
done 0.0001 s A=292.45
start MDM t=3491.95653 zeta=(-0.00662122, 0.00327966)
done 0.0001 s A=290.266
start MDM t=3491.95749 zeta=(-0.0066286, 0.00330249)
done 0.0001 s A=288.258
start MDM t=3491.95845 zeta=(-0.00663598, 0.00332531)
done 0.0001 s A=286.278
start MDM t=3491.95948 zeta=(-0.0066439, 0.0033498)
done 0.0001 s A=284.182
start MDM t=3491.96052 zeta=(-0.0066519, 0.00337452)
done 0.0001 s A=282.098
start MDM t=3491.96149 zeta=(-0.00665936, 0.00339759)
done 0.0001 s A=280.182
start MDM t=3491.96250 zeta=(-0.00666712, 0.0034216)
done 0.0001 s A=278.215
start MDM t=3491.96347 zeta=(-0.00667458, 0.00344466)
done 0.0001 s A=276.351
start MDM t=3491.96450 zeta=(-0.0066825, 0.00346915)
done 0.0001 s A=274.397
start MDM t=3491.96554 zeta=(-0.0066905, 0.00349387)
done 0.0001 s A=272.454
start MDM t=3491.96649 zeta=(-0.0066978, 0.00351646)
done 0.0001 s A=270.702
start MDM t=3491.96746 zeta=(-0.00670526, 0.00353952)
done 0.0001 s A=268.937
start MDM t=3491.96849 zeta=(-0.00671318, 0.00356401)
done 0.0001 s A=267.088
start MDM t=3491.96951 zeta=(-0.00672103, 0.00358826)
done 0.0001 s A=265.282
start MDM t=3491.97055 zeta=(-0.00672902, 0.00361299)
done 0.0001 s A=263.465
start MDM t=3491.97151 zeta=(-0.00673641, 0.00363581)
done 0.0001 s A=261.809
start MDM t=3491.97247 zeta=(-0.00674379, 0.00365863)
done 0.0001 s A=260.175
start MDM t=3491.97350 zeta=(-0.00675171, 0.00368312)
done 0.0001 s A=258.445
start MDM t=3491.97453 zeta=(-0.00675963, 0.00370761)
done 0.0001 s A=256.735
start MDM t=3491.97550 zeta=(-0.00676709, 0.00373067)
done 0.0001 s A=255.148
start MDM t=3491.97646 zeta=(-0.00677447, 0.00375349)
done 0.0001 s A=253.595
start MDM t=3491.97749 zeta=(-0.00678239, 0.00377798)
done 0.0001 s A=251.95
start MDM t=3491.97851 zeta=(-0.00679023, 0.00380223)
done 0.0001 s A=250.341
start MDM t=3491.97949 zeta=(-0.00679777, 0.00382553)
done 0.0001 s A=248.816
start MDM t=3491.98045 zeta=(-0.00680515, 0.00384835)
done 0.0001 s A=247.339
start MDM t=3491.98147 zeta=(-0.00681299, 0.0038726)
done 0.0001 s A=245.789
start MDM t=3491.98251 zeta=(-0.00682099, 0.00389733)
done 0.0001 s A=244.229
start MDM t=3491.98353 zeta=(-0.00682883, 0.00392158)
done 0.0001 s A=242.718
start MDM t=3491.98450 zeta=(-0.00683629, 0.00394464)
done 0.0001 s A=241.297
start MDM t=3491.98546 zeta=(-0.00684367, 0.00396747)
done 0.0001 s A=239.908
start MDM t=3491.98649 zeta=(-0.00685159, 0.00399195)
done 0.0001 s A=238.435
start MDM t=3491.98752 zeta=(-0.00685952, 0.00401644)
done 0.0001 s A=236.98
start MDM t=3491.98849 zeta=(-0.00686697, 0.0040395)
done 0.0001 s A=235.627
start MDM t=3491.98945 zeta=(-0.00687436, 0.00406233)
done 0.0001 s A=234.302
start MDM t=3491.99048 zeta=(-0.00688228, 0.00408682)
done 0.0001 s A=232.896
start MDM t=3491.99150 zeta=(-0.00689012, 0.00411107)
done 0.0001 s A=231.522
start MDM t=3491.99254 zeta=(-0.00689812, 0.00413579)
done 0.0001 s A=230.137
start MDM t=3491.99351 zeta=(-0.00690558, 0.00415885)
done 0.0001 s A=228.86
start MDM t=3491.99449 zeta=(-0.00691311, 0.00418215)
done 0.0001 s A=227.585
start MDM t=3491.99552 zeta=(-0.00692103, 0.00420664)
done 0.0001 s A=226.259
start MDM t=3491.99649 zeta=(-0.00692849, 0.0042297)
done 0.0000 s A=225.024
start MDM t=3491.99745 zeta=(-0.00693587, 0.00425252)
done 0.0001 s A=223.816
start MDM t=3491.99849 zeta=(-0.00694387, 0.00427725)
done 0.0001 s A=222.521
start MDM t=3491.99951 zeta=(-0.00695171, 0.0043015)
done 0.0001 s A=221.266
start MDM t=3492.00054 zeta=(-0.00695963, 0.00432599)
done 0.0001 s A=220.013
start MDM t=3492.00149 zeta=(-0.00696694, 0.00434857)
done 0.0000 s A=218.869
start MDM t=3492.00247 zeta=(-0.00697447, 0.00437187)
done 0.0000 s A=217.702
start MDM t=3492.00345 zeta=(-0.00698201, 0.00439517)
done 0.0000 s A=216.546
start MDM t=3492.00450 zeta=(-0.00699008, 0.00442014)
done 0.0000 s A=215.324
start MDM t=3492.00548 zeta=(-0.00699762, 0.00444344)
done 0.0000 s A=214.193
start MDM t=3492.00622 zeta=(-0.00700331, 0.00446103)
done 0.0000 s A=213.348
start MDM t=3492.88972 zeta=(-0.013797, 0.025466)
done 0.0001 s A=37.3656
start MDM t=3492.89049 zeta=(-0.0138029, 0.0254843)
done 0.0000 s A=37.3387
start MDM t=3492.89157 zeta=(-0.0138112, 0.02551)
done 0.0000 s A=37.3012
start MDM t=3492.89776 zeta=(-0.0138588, 0.0256571)
done 0.0000 s A=37.0873
start MDM t=3492.90125 zeta=(-0.0138857, 0.0257401)
done 0.0000 s A=36.9678
start MDM t=3492.90474 zeta=(-0.0139125, 0.0258231)
done 0.0000 s A=36.8491
start MDM t=3492.90822 zeta=(-0.0139393, 0.0259058)
done 0.0000 s A=36.7314
start MDM t=3492.91171 zeta=(-0.0139661, 0.0259888)
done 0.0000 s A=36.6142
start MDM t=3492.91519 zeta=(-0.0139929, 0.0260715)
done 0.0000 s A=36.4981
start MDM t=3492.92179 zeta=(-0.0140436, 0.0262284)
done 0.0000 s A=36.2798
start Auckland t=3491.97128 zeta=(-0.00673464, 0.00363034)
done 0.0001 s A=262.204
start Auckland t=3491.97286 zeta=(-0.00674679, 0.0036679)
done 0.0001 s A=259.517
start Auckland t=3491.97446 zeta=(-0.00675909, 0.00370594)
done 0.0001 s A=256.851
start Auckland t=3491.97606 zeta=(-0.00677139, 0.00374398)
done 0.0001 s A=254.239
start Auckland t=3491.97766 zeta=(-0.0067837, 0.00378202)
done 0.0001 s A=251.68
start Auckland t=3491.97925 zeta=(-0.00679592, 0.00381983)
done 0.0001 s A=249.187
start Auckland t=3491.98084 zeta=(-0.00680815, 0.00385763)
done 0.0001 s A=246.744
start Auckland t=3491.98244 zeta=(-0.00682045, 0.00389567)
done 0.0001 s A=244.333
start Auckland t=3491.98402 zeta=(-0.0068326, 0.00393323)
done 0.0001 s A=241.997
start Auckland t=3491.98563 zeta=(-0.00684498, 0.00397151)
done 0.0001 s A=239.663
start Auckland t=3491.98723 zeta=(-0.00685729, 0.00400955)
done 0.0001 s A=237.388
start Auckland t=3491.98882 zeta=(-0.00686951, 0.00404735)
done 0.0001 s A=235.169
start Auckland t=3491.99042 zeta=(-0.00688181, 0.00408539)
done 0.0000 s A=232.979
start Auckland t=3491.99202 zeta=(-0.00689412, 0.00412343)
done 0.0001 s A=230.828
start Auckland t=3491.99359 zeta=(-0.00690619, 0.00416075)
done 0.0000 s A=228.755
start Auckland t=3491.99520 zeta=(-0.00691857, 0.00419903)
done 0.0000 s A=226.669
start Auckland t=3491.99679 zeta=(-0.0069308, 0.00423683)
done 0.0000 s A=224.645
start Auckland t=3491.99838 zeta=(-0.00694302, 0.00427464)
done 0.0001 s A=222.657
start Auckland t=3491.99997 zeta=(-0.00695525, 0.00431244)
done 0.0000 s A=220.705
start Auckland t=3492.00156 zeta=(-0.00696748, 0.00435024)
done 0.0000 s A=218.786
start Auckland t=3492.00315 zeta=(-0.0069797, 0.00438804)
done 0.0000 s A=216.899
start Auckland t=3492.00473 zeta=(-0.00699185, 0.0044256)
done 0.0000 s A=215.057
start Auckland t=3492.00632 zeta=(-0.00700408, 0.00446341)
done 0.0000 s A=213.235
start Auckland t=3492.00792 zeta=(-0.00701638, 0.00450145)
done 0.0000 s A=211.431
start Auckland t=3492.00952 zeta=(-0.00702868, 0.00453949)
done 0.0000 s A=209.659
start Auckland t=3492.01110 zeta=(-0.00704083, 0.00457705)
done 0.0000 s A=207.937
start Auckland t=3492.01270 zeta=(-0.00705314, 0.00461509)
done 0.0000 s A=206.223
start Auckland t=3492.01430 zeta=(-0.00706544, 0.00465313)
done 0.0000 s A=204.535
start Auckland t=3492.01587 zeta=(-0.00707751, 0.00469045)
done 0.0000 s A=202.907
start Auckland t=3492.01747 zeta=(-0.00708982, 0.00472849)
done 0.0001 s A=201.273
start Auckland t=3492.02066 zeta=(-0.00711435, 0.00480434)
done 0.0000 s A=198.095
start Auckland t=3492.02225 zeta=(-0.00712657, 0.00484214)
done 0.0000 s A=196.547
start Auckland t=3492.02544 zeta=(-0.0071511, 0.00491798)
done 0.0000 s A=193.515
start Auckland t=3492.02704 zeta=(-0.00716341, 0.00495602)
done 0.0000 s A=192.028
start Auckland t=3492.03021 zeta=(-0.00718778, 0.00503138)
done 0.0000 s A=189.15
start Auckland t=3492.03180 zeta=(-0.00720001, 0.00506919)
done 0.0000 s A=187.74
start Auckland t=3492.06050 zeta=(-0.0074207, 0.00575152)
done 0.0001 s A=165.457
start Auckland t=3492.06211 zeta=(-0.00743308, 0.0057898)
done 0.0000 s A=164.362
start Auckland t=3492.15231 zeta=(-0.00812667, 0.00793428)
done 0.0001 s A=119.925
start Auckland t=3492.15549 zeta=(-0.00815113, 0.00800988)
done 0.0000 s A=118.793
start Auckland t=3492.15709 zeta=(-0.00816343, 0.00804792)
done 0.0000 s A=118.231
start Auckland t=3492.16028 zeta=(-0.00818796, 0.00812376)
done 0.0000 s A=117.127
start Auckland t=3492.16691 zeta=(-0.00823894, 0.00828139)
done 0.0000 s A=114.897
start Auckland t=3492.16852 zeta=(-0.00825132, 0.00831966)
done 0.0000 s A=114.369
start Auckland t=3492.17171 zeta=(-0.00827585, 0.0083955)
done 0.0000 s A=113.335
start Auckland t=3492.17330 zeta=(-0.00828808, 0.00843331)
done 0.0001 s A=112.827
start Auckland t=3492.17490 zeta=(-0.00830038, 0.00847135)
done 0.0000 s A=112.32
start Auckland t=3492.17650 zeta=(-0.00831268, 0.00850939)
done 0.0000 s A=111.818
start Auckland t=3492.17809 zeta=(-0.00832491, 0.00854719)
done 0.0000 s A=111.323
start Auckland t=3492.19087 zeta=(-0.00842318, 0.00885103)
done 0.0000 s A=107.501
start Auckland t=3492.19565 zeta=(-0.00845994, 0.00896467)
done 0.0000 s A=106.138
start Auckland t=3492.19725 zeta=(-0.00847224, 0.00900271)
done 0.0000 s A=105.689
start Auckland t=3492.20684 zeta=(-0.00854598, 0.00923071)
done 0.0000 s A=103.078
start Auckland t=3492.20844 zeta=(-0.00855829, 0.00926875)
done 0.0000 s A=102.655
start Auckland t=3492.21002 zeta=(-0.00857044, 0.00930631)
done 0.0000 s A=102.241
start Auckland t=3492.21161 zeta=(-0.00858266, 0.00934412)
done 0.0000 s A=101.827
start Auckland t=3492.21321 zeta=(-0.00859496, 0.00938215)
done 0.0000 s A=101.414
start Auckland t=3492.21799 zeta=(-0.00863172, 0.0094958)
done 0.0000 s A=100.2
start Auckland t=3492.21960 zeta=(-0.0086441, 0.00953408)
done 0.0000 s A=99.7979
start Auckland t=3492.22119 zeta=(-0.00865633, 0.00957188)
done 0.0000 s A=99.4036
start Auckland t=3492.22278 zeta=(-0.00866855, 0.00960968)
done 0.0000 s A=99.0125
start Auckland t=3492.22438 zeta=(-0.00868086, 0.00964772)
done 0.0000 s A=98.6219
start Auckland t=3492.22598 zeta=(-0.00869316, 0.00968576)
done 0.0000 s A=98.2345
start Auckland t=3492.22757 zeta=(-0.00870539, 0.00972356)
done 0.0000 s A=97.8527
start Auckland t=3492.22916 zeta=(-0.00871761, 0.00976136)
done 0.0000 s A=97.4736
start Auckland t=3492.23076 zeta=(-0.00872992, 0.0097994)
done 0.0000 s A=97.0953
start Auckland t=3492.23235 zeta=(-0.00874214, 0.0098372)
done 0.0000 s A=96.7221
start Auckland t=3492.23873 zeta=(-0.0087912, 0.00998889)
done 0.0000 s A=95.2531
start Auckland t=3492.24668 zeta=(-0.00885233, 0.0101779)
done 0.0000 s A=93.4838
start Auckland t=3492.24828 zeta=(-0.00886464, 0.0102159)
done 0.0000 s A=93.1357
start Auckland t=3492.24987 zeta=(-0.00887686, 0.0102537)
done 0.0000 s A=92.7923
start Auckland t=3492.25146 zeta=(-0.00888909, 0.0102915)
done 0.0000 s A=92.4514
start Auckland t=3492.25306 zeta=(-0.00890139, 0.0103296)
done 0.0000 s A=92.1109
start Auckland t=3492.25783 zeta=(-0.00893807, 0.010443)
done 0.0001 s A=91.1104
start FTN t=3491.11587 zeta=(-0.000156938, -0.0167068)
done 0.0001 s A=56.9344
start FTN t=3491.11681 zeta=(-0.000164166, -0.0166844)
done 0.0000 s A=57.0106
start FTN t=3491.11775 zeta=(-0.000171395, -0.0166621)
done 0.0000 s A=57.087
start FTN t=3491.11868 zeta=(-0.000178546, -0.01664)
done 0.0000 s A=57.1629
start FTN t=3491.11962 zeta=(-0.000185774, -0.0166176)
done 0.0000 s A=57.2398
start FTN t=3491.12055 zeta=(-0.000192925, -0.0165955)
done 0.0000 s A=57.3159
start FTN t=3491.12149 zeta=(-0.000200153, -0.0165732)
done 0.0000 s A=57.3933
start FTN t=3491.12243 zeta=(-0.000207382, -0.0165508)
done 0.0000 s A=57.4707
start FTN t=3492.00025 zeta=(-0.0069574, 0.00431909)
done 0.0001 s A=220.364
start FTN t=3492.01561 zeta=(-0.00707551, 0.00468427)
done 0.0001 s A=203.174
start FTN t=3492.04733 zeta=(-0.00731943, 0.00543841)
done 0.0001 s A=174.987
start FTN t=3492.04879 zeta=(-0.00733065, 0.00547312)
done 0.0000 s A=173.877
start FTN t=3492.08474 zeta=(-0.00760709, 0.00632782)
done 0.0001 s A=150.382
start FTN t=3492.08620 zeta=(-0.00761832, 0.00636253)
done 0.0001 s A=149.561
start FTN t=3492.12075 zeta=(-0.00788399, 0.00718395)
done 0.0001 s A=132.455
start FTN t=3493.10127 zeta=(-0.0154237, 0.0304955)
done 0.0001 s A=31.206
start FTN t=3493.10266 zeta=(-0.0154344, 0.0305286)
done 0.0000 s A=31.1723
start FTN t=3493.10878 zeta=(-0.0154815, 0.0306741)
done 0.0000 s A=31.0245
start FTN t=3493.11007 zeta=(-0.0154914, 0.0307047)
done 0.0000 s A=30.9936
start FTN t=3494.08944 zeta=(-0.0230223, 0.053989)
done 0.0001 s A=17.6406
start FTN t=3494.09072 zeta=(-0.0230321, 0.0540194)
done 0.0000 s A=17.6307
start FTN t=3494.10834 zeta=(-0.0231676, 0.0544383)
done 0.0000 s A=17.4953
start FTN t=3494.10963 zeta=(-0.0231775, 0.054469)
done 0.0000 s A=17.4855
start FTN t=3496.09813 zeta=(-0.0384682, 0.101745)
done 0.0000 s A=9.38912
start FTN t=3496.09941 zeta=(-0.038478, 0.101775)
done 0.0000 s A=9.38633
start FTN t=3496.11093 zeta=(-0.0385666, 0.102049)
done 0.0000 s A=9.36136
start FTN t=3496.11222 zeta=(-0.0385765, 0.10208)
done 0.0000 s A=9.35857
start FTN t=3497.09763 zeta=(-0.0461538, 0.125508)
done 0.0000 s A=7.62832
start FTN t=3497.09892 zeta=(-0.0461638, 0.125538)
done 0.0000 s A=7.62648
start FTN t=3497.11228 zeta=(-0.0462665, 0.125856)
done 0.0000 s A=7.60749
start FTN t=3497.11357 zeta=(-0.0462764, 0.125887)
done 0.0000 s A=7.60566
